
==== 2017  (341589 bars) — leg-scaled SL (= factor x preopen-window-range) ====
variant                   n   PF0 PFc2.5      net    WR  maxDD strk
FIXED 11.25              67  1.21   0.67   -5,676  44.8  8,262   15
FIXED 30                 55  6.83   2.63    4,252  67.3  1,650    5
legSL k0.2 floor1       137  1.36   0.37  -95,560  18.2 95,560   12
legSL k0.2 floor2       134  1.33   0.45  -58,417  22.4 58,417   12
legSL k0.2 floor3       130  1.19   0.47  -40,963  24.6 40,984   12
legSL k0.3 floor1       135  1.27   0.42  -63,770  21.5 63,770   12
legSL k0.3 floor2       134  1.23   0.43  -57,979  22.4 57,979   12
legSL k0.3 floor3       130  1.16   0.45  -41,676  24.6 41,697   12
legSL k0.4 floor1       130  1.18   0.44  -49,469  24.6 49,469   12
legSL k0.4 floor2       130  1.18   0.44  -49,469  24.6 49,469   12
legSL k0.4 floor3       128  1.12   0.45  -41,245  25.0 41,245   12
legSL k0.5 floor1       122  1.46   0.62  -24,738  30.3 29,015   12
legSL k0.5 floor2       122  1.46   0.62  -24,738  30.3 29,015   12
legSL k0.5 floor3       122  1.44   0.62  -24,042  30.3 28,765   12
legSL k0.75 floor1       118  1.36   0.67  -15,850  37.3 16,974   12
legSL k0.75 floor2       118  1.36   0.67  -15,850  37.3 16,974   12
legSL k0.75 floor3       118  1.36   0.67  -15,850  37.3 16,974   12

==== 2016  (267826 bars) — leg-scaled SL (= factor x preopen-window-range) ====
variant                   n   PF0 PFc2.5      net    WR  maxDD strk
FIXED 11.25              35  0.70   0.39   -8,235  37.1  8,235    6
FIXED 30                 32  0.68   0.40   -4,473  46.9  4,473    4
legSL k0.2 floor1        96  0.89   0.25  -94,248  13.5 94,438   38
legSL k0.2 floor2        93  0.95   0.32  -55,806  16.1 58,846   36
legSL k0.2 floor3        91  0.92   0.36  -38,094  19.8 39,608   31
legSL k0.3 floor1        95  0.78   0.27  -67,599  15.8 68,232   38
legSL k0.3 floor2        93  0.83   0.29  -55,280  16.1 56,345   36
legSL k0.3 floor3        91  0.92   0.37  -37,240  19.8 38,754   31
legSL k0.4 floor1        93  0.66   0.25  -55,497  16.1 55,587   36
legSL k0.4 floor2        93  0.66   0.25  -55,497  16.1 55,587   36
legSL k0.4 floor3        91  0.87   0.36  -37,360  19.8 37,905   31
legSL k0.5 floor1        89  1.15   0.47  -28,510  27.0 28,894   28
legSL k0.5 floor2        89  1.15   0.47  -28,510  27.0 28,894   28
legSL k0.5 floor3        87  1.23   0.51  -22,647  27.6 23,248   26
legSL k0.75 floor1        83  1.16   0.53  -16,180  32.5 16,950   13
legSL k0.75 floor2        83  1.16   0.53  -16,180  32.5 16,950   13
legSL k0.75 floor3        83  1.16   0.53  -16,180  32.5 16,950   13
