compiled, 341589 bars, 73 variants, cost=2.5
  20 done
  40 done
  60 done

name                       n    PF0    PFc       net    WR   maxDD strk  shrp
sl30                      55   6.83   2.63     4,252  67.3   1,650    5   6.6
sl18_tp0                  59   2.12   1.38     2,758  66.1   3,380    6  2.29
sl22_tp0                  59   1.74   1.17     1,478  66.1   4,020    6  1.09
sl14_tp0                  64   1.52   0.97      -247  56.2   3,714    9 -0.19
sl18                      59   1.46   0.85    -1,074  59.3   3,450    5 -1.04
sl26                      59   1.38   0.82    -1,378  61.0   4,010    5 -1.17
sl14                      63   1.32   0.75    -1,974  54.0   3,944   10 -1.84
sl14_tp8                  63   1.51   0.75    -1,611  46.0   3,007    7 -2.05
sl18_tp8                  63   1.40   0.73    -1,871  47.6   3,807    7  -2.1
sl22                      59   1.20   0.73    -2,354  59.3   4,250    5 -1.99
sl22_tp8                  63   1.37   0.72    -1,971  50.8   3,587    5 -2.03
sl16                      63   1.16   0.68    -2,854  54.0   4,424   10 -2.44
volSL_k0.7_fl6           120   1.28   0.68   -13,803  37.5  17,461   12 -3.12
volSL_k0.9_fl3           118   1.31   0.67   -13,142  39.8  16,673   12 -3.08
sl11.25                   67   1.21   0.67    -5,676  44.8   8,262   15 -2.92
volSL_k0.9_fl6           118   1.26   0.67   -12,718  39.8  16,824   12 -3.05
volSL_k0.55_fl3          122   1.50   0.66   -19,535  32.0  23,007   12 -3.27
tpNudge0                  78   1.40   0.65   -14,305  29.5  16,335    9 -3.57
volSL_k0.7_fl3           120   1.32   0.64   -18,306  35.0  19,993   12 -3.64
volSL_k0.55_fl6          122   1.20   0.64   -16,371  34.4  21,664   12 -3.39
entNudge0                 69   1.37   0.61   -13,471  30.4  14,253   21  -3.4
sl9                       69   1.14   0.60    -6,856  39.1   8,101   15 -4.11
volk0.45_cut60           126   1.30   0.59   -26,020  31.0  28,270   12  -4.2
volk0.45_cut30           122   1.31   0.59   -25,298  31.1  27,548   12 -4.35
volk0.3_cut30            124   1.28   0.57   -28,117  29.0  28,117   12 -4.53
volk0.3_cut60            130   1.24   0.56   -30,360  28.5  30,360   12 -4.75
volSL_k0.2_fl6           122   1.07   0.55   -20,906  32.8  22,594   12 -4.64
volSL_k0.3_fl6           122   1.07   0.55   -20,906  32.8  22,594   12 -4.64
volSL_k0.4_fl6           122   1.07   0.55   -20,930  32.8  22,618   12 -4.64
entNudge1                 71   1.23   0.55   -16,462  29.6  19,938   19 -4.85
sl8                       71   1.06   0.54    -8,076  35.2   9,481   15 -4.77
cutoff45                  79   1.25   0.53   -18,353  26.6  18,617   13 -6.06
entNudge4                 87   1.42   0.52   -18,206  31.0  18,722   11 -6.26
cutoff60                  81   1.21   0.51   -19,265  25.9  19,529   15 -6.26
tpNudge3                  78   1.22   0.51   -18,896  26.9  19,760   10 -5.42
noEarly                   74   1.21   0.48   -18,657  25.7  18,921   13 -6.08
cutoff90                  85   1.11   0.48   -22,460  24.7  22,724   19 -6.99
tpNudge12                 65   1.38   0.47   -14,657  23.1  14,657   15  -6.4
volSL_k0.2_fl3           130   1.19   0.47   -40,963  24.6  40,984   12 -6.31
noImpulse                 76   1.15   0.47   -20,146  25.0  20,410   13  -6.5
tpNudge8                  74   1.21   0.46   -18,764  24.3  19,135   10 -6.24
sl6                       75   0.95   0.46   -14,757  28.0  16,603   15  -6.7
volSL_k0.3_fl3           130   1.16   0.45   -41,676  24.6  41,697   12 -6.67
be8                       78   1.09   0.45   -21,802  24.4  22,066   10  -6.7
volSL_k0.4_fl3           128   1.12   0.45   -41,245  25.0  41,245   12 -6.91
baseline                  78   1.05   0.43   -22,796  23.1  23,060   13 -7.06
tpNudge5                  78   1.05   0.43   -22,796  23.1  23,060   13 -7.06
entNudge2                 78   1.05   0.43   -22,796  23.1  23,060   13 -7.06
be2                       78   1.05   0.43   -22,796  23.1  23,060   13 -7.06
minRange8                 78   1.05   0.43   -22,796  23.1  23,060   13 -7.06
minRange14                78   1.05   0.43   -22,796  23.1  23,060   13 -7.06
minRange20                78   1.05   0.43   -22,796  23.1  23,060   13 -7.06
minRange28                78   1.05   0.43   -22,796  23.1  23,060   13 -7.06
minRange40                78   1.05   0.43   -22,796  23.1  23,060   13 -7.06
minRange60                78   1.05   0.43   -22,796  23.1  23,060   13 -7.06
pivot2                    78   1.05   0.43   -22,796  23.1  23,060   13 -7.06
pivot3                    78   1.05   0.43   -22,796  23.1  23,060   13 -7.06
pivot4                    78   1.05   0.43   -22,796  23.1  23,060   13 -7.06
cutoff30                  78   1.05   0.43   -22,796  23.1  23,060   13 -7.06
skip1                     78   1.05   0.43   -22,796  23.1  23,060   13 -7.06
mondayOn                  78   1.05   0.43   -22,796  23.1  23,060   13 -7.06
be4                       78   1.04   0.42   -22,996  23.1  23,260   13 -7.12
noAccumMom                75   0.98   0.42   -23,988  20.0  23,988   13 -7.09
be0                       78   1.03   0.42   -23,171  21.8  23,435   13 -7.35
be1                       78   1.02   0.42   -23,322  21.8  23,586   13 -7.28
noRetrace                 75   0.93   0.40   -25,160  20.0  25,160   13 -7.63
cutoff15                  50   1.01   0.39   -14,316  26.0  15,605   13 -7.28
skip3                     47   0.94   0.35   -15,791  23.4  17,735   14 -8.51
skip2                     60   0.87   0.33   -21,209  23.3  21,641   13 -9.35
entNudge6                 94   1.43   0.32   -25,206  23.4  25,380   13 -10.52
tpNudge18                 64   1.08   0.31   -18,523  17.2  18,523   22 -9.56
noKW                      77   0.65   0.26   -30,906  18.2  31,170   17 -10.91
noWedThu                  50   0.75   0.25   -18,809  22.0  19,603   12 -12.32
ALLDONE
