compiled, 267826 bars, 73 variants, cost=2.5
  20 done
  40 done
  60 done

name                       n    PF0    PFc       net    WR   maxDD strk  shrp
sl18_tp0                  33   0.92   0.59    -2,893  51.5   4,380    6 -3.33
entNudge4                 36   1.73   0.58    -6,889  41.7   7,037    5 -4.27
volSL_k0.7_fl3            83   1.24   0.56   -15,053  32.5  16,608   13  -4.8
sl22_tp0                  32   0.86   0.55    -3,293  53.1   4,620    5 -3.61
volSL_k0.7_fl6            81   1.05   0.52   -13,927  33.3  15,979   13 -4.91
volSL_k0.2_fl6            81   1.06   0.52   -14,324  33.3  16,475   13  -5.0
volSL_k0.3_fl6            81   1.06   0.52   -14,324  33.3  16,475   13  -5.0
volSL_k0.55_fl6           81   1.05   0.52   -14,302  33.3  16,454   13 -4.99
volSL_k0.4_fl6            81   1.06   0.51   -14,444  33.3  16,595   13 -5.02
sl18_tp8                  36   0.92   0.51    -2,864  50.0   3,168    6 -3.89
sl22_tp8                  35   0.90   0.50    -2,944  51.4   3,088    5 -3.89
volk0.45_cut30            87   1.10   0.49   -23,404  26.4  24,558   25 -5.87
volSL_k0.55_fl3           87   1.11   0.47   -24,222  27.6  24,435   26 -6.12
volSL_k0.9_fl3            81   0.95   0.46   -16,623  32.1  16,663   13 -6.01
volSL_k0.9_fl6            81   0.91   0.45   -15,854  33.3  16,610   13 -5.85
sl16                      34   0.79   0.45    -3,593  44.1   3,630    6 -4.97
volk0.45_cut60            98   0.99   0.45   -29,262  24.5  29,312   25 -6.95
sl22                      33   0.77   0.44    -3,753  45.5   3,753    5 -4.56
sl6                       37   0.93   0.43    -8,494  32.4   8,494    9 -7.43
sl9                       36   0.80   0.42    -6,975  36.1   6,975    6 -6.16
sl14_tp0                  35   0.67   0.42    -4,748  42.9   4,940    6 -5.61
entNudge0                 35   0.91   0.42   -13,065  25.7  13,065    9 -6.66
sl18                      34   0.71   0.41    -4,233  44.1   4,233    6  -5.4
entNudge1                 35   0.97   0.40   -12,225  28.6  12,585    7 -8.29
volk0.3_cut30             89   0.92   0.40   -30,866  23.6  31,355   31 -7.67
cutoff15                  15   1.53   0.40    -3,424  26.7   3,424    4 -6.75
sl30                      32   0.68   0.40    -4,473  46.9   4,473    4 -4.59
sl14_tp8                  37   0.70   0.39    -4,159  43.2   4,159    6  -5.6
sl26                      33   0.65   0.39    -4,713  45.5   4,713    5 -5.05
sl11.25                   35   0.70   0.39    -8,235  37.1   8,235    6 -6.26
tpNudge3                  41   0.90   0.38   -15,824  26.8  16,184   14  -7.9
sl8                       35   0.81   0.37    -6,037  31.4   6,037    9 -7.35
volk0.3_cut60            100   0.84   0.37   -36,708  22.0  36,758   31 -8.68
volSL_k0.3_fl3            91   0.92   0.37   -37,240  19.8  38,754   31 -8.51
volSL_k0.2_fl3            91   0.92   0.36   -38,094  19.8  39,608   31 -8.61
entNudge6                 36   1.19   0.36   -11,607  25.0  12,079   12 -6.99
volSL_k0.4_fl3            91   0.87   0.36   -37,360  19.8  37,905   31 -8.72
noImpulse                 39   0.86   0.34   -15,176  25.6  15,176   15 -8.93
tpNudge0                  41   0.79   0.34   -17,711  24.4  18,671   14 -8.79
tpNudge12                 37   1.13   0.33   -11,165  27.0  11,166   10  -9.7
sl14                      35   0.57   0.33    -5,328  37.1   5,328    6 -7.03
tpNudge8                  39   0.86   0.31   -14,982  28.2  14,982   15 -9.47
cutoff90                  46   0.72   0.29   -19,996  21.7  19,996   14 -10.7
be8                       37   0.71   0.28   -17,609  24.3  17,609   15 -11.27
noKW                      36   0.82   0.27   -13,822  25.0  15,455   16 -8.49
be0                       39   0.71   0.27   -18,109  23.1  18,109   15 -11.58
be1                       39   0.70   0.27   -18,209  23.1  18,209   15 -11.63
baseline                  39   0.70   0.27   -18,309  23.1  18,309   15 -11.67
tpNudge5                  39   0.70   0.27   -18,309  23.1  18,309   15 -11.67
entNudge2                 39   0.70   0.27   -18,309  23.1  18,309   15 -11.67
be2                       39   0.70   0.27   -18,309  23.1  18,309   15 -11.67
minRange8                 39   0.70   0.27   -18,309  23.1  18,309   15 -11.67
minRange14                39   0.70   0.27   -18,309  23.1  18,309   15 -11.67
minRange20                39   0.70   0.27   -18,309  23.1  18,309   15 -11.67
minRange28                39   0.70   0.27   -18,309  23.1  18,309   15 -11.67
minRange40                39   0.70   0.27   -18,309  23.1  18,309   15 -11.67
minRange60                39   0.70   0.27   -18,309  23.1  18,309   15 -11.67
pivot2                    39   0.70   0.27   -18,309  23.1  18,309   15 -11.67
pivot3                    39   0.70   0.27   -18,309  23.1  18,309   15 -11.67
pivot4                    39   0.70   0.27   -18,309  23.1  18,309   15 -11.67
cutoff30                  39   0.70   0.27   -18,309  23.1  18,309   15 -11.67
skip1                     39   0.70   0.27   -18,309  23.1  18,309   15 -11.67
noRetrace                 39   0.70   0.27   -18,309  23.1  18,309   15 -11.67
noAccumMom                39   0.70   0.27   -18,309  23.1  18,309   15 -11.67
noEarly                   39   0.70   0.27   -18,309  23.1  18,309   15 -11.67
mondayOn                  39   0.70   0.27   -18,309  23.1  18,309   15 -11.67
be4                       39   0.69   0.27   -18,509  23.1  18,509   15 -11.76
cutoff45                  41   0.67   0.26   -19,281  22.0  19,281   15 -11.98
noWedThu                  27   0.69   0.25   -12,349  22.2  12,596   13 -13.13
cutoff60                  43   0.63   0.25   -20,581  20.9  20,581   15 -12.47
tpNudge18                 35   1.08   0.23   -11,350  25.7  11,350    8 -12.1
skip2                     31   0.51   0.18   -16,958  16.1  16,958   16 -15.48
skip3                     26   0.55   0.16   -12,787  19.2  12,787   14 -14.53
